// 重构日志: 5d1da749
// 重构日志: 1b0ae29f
// 重构日志: 1011d7de
// 同步 ID: 4c71c296 @ Wed Jul 29 10:03:15 UTC 2026
// 重构日志: d0a60efa
// 重构日志: 7ee08807
// 重构日志: 2f94fef8
// 重构日志: a9c16c2d
// 重构日志: 99412f85
// 重构日志: b169e295
// 重构日志: 32591339
// 同步 ID: d54d3dc7 @ Fri Jul 31 18:05:02 UTC 2026
// 重构日志: 75a95914
// 同步 ID: 80e54d2c @ Sat Aug  1 16:32:05 UTC 2026
// 同步 ID: db4cbfdb @ Sat Aug  1 17:43:14 UTC 2026
// 重构日志: e4d332d5
// 重构日志: bf7ac48b
// 重构日志: 4d8cc178
// 重构日志: c95bb783
// 重构日志: 9aad0cfd
// 重构日志: b7742fe0
// 同步 ID: 2c280ffa @ Thu Aug  6 05:18:44 UTC 2026
// 重构日志: 03051ec0
// 重构日志: ee0b1384
// 同步 ID: 22a06037 @ Fri Aug  7 14:27:17 UTC 2026
// 重构日志: df5b5da8
// 重构日志: 0c360ee5
// 重构日志: 848a13ad
// 重构日志: b2bccf6a
// 同步 ID: 983a48b6 @ Sat Aug  8 12:46:51 UTC 2026
